{i} count
{0} 8
{instance_id,chunk_no} response
{0,0} 'Hello	100001
Hello	100002
Hello	100003
Hello	100004
Thanks! That was a total of 800000 lines.
{i} count
{0} 2
Query was executed successfully
{i} count
{0} 1
{i} count
{0} 2
Query was executed successfully
{i} count
{0} 1
'6	12
7	14
8	16
9	18
10	20'
'1	2
2	4
3	6
4	8
5	10'
{i} count
{0} 8
2,8
4,16
6,24
8,32
10,40
{instance_id,chunk_no,value_no} sum
{0,0,0} 1275
'Hello, !'
'Hello, 2!'
'Hello, 3!'
'Hello, 4!'
'Hello, 5!'
'Hello, 6!'
'Hello, 7!'
'Hello, 8!'
'Hello, 9!'
'Hello, 10!'
''
'Thx!'
1,null,null,null
2,0,0,''
3,1,1,'abc'
Hello\t\\n \\r \\t \\\\ \t\\N\nOK\tthanks!
'KTHXBYE'
'I got	0
I got	1
I got	2
I got	3
I got	4
I got	5
I got	6
I got	7
I got	8
I got	9
THX!'
'KTHXBYE'
